---
source: src/grammar/mod.rs
expression: ui
---
  × Undefined non-terminal
   ╭────
 1 │ <E> ::= <S>;
   ·         ─┬─
   ·          ╰── this non-terminal is undefined
   ╰────
