---
source: src/regex.rs
expression: generated
---
[
    "",
    "5qk",
    "6Jeq4",
    "",
    "pWS8",
    "fA5",
    "6G",
    "MnB34",
    "",
    "FK6l",
]
