---
source: src/grammar.rs
expression: ui
---
  × Invalid token
   ╭────
 1 │ :
   · ┬
   · ╰── this token is invalid
   ╰────
