---
source: src/generator.rs
expression: out
---
5890 * 683309 * 0 * 55757
20477 * 663547 - 4
1 - 310560 + 7
3001
{ x : 87 > 843 } U { y : 2 * 6 * 802 - 88 * 70790 < 5 + 8 - 6 } U { z : 9 * 715 < 563644 & ! 3 * 2 = 392 + 8 & 4 = 2388 * 7 } U { x : 7 * 273 @ { z : 4090 + 889 = 2240 & 334743 > 2599 * 5 * 66736 * 2365 * 459 - 4828 * 52236 } & ! 91707 + 8 @ { y : ( 26 > 7 + 329912 | 90 < 608277 - 2 * 7 + 3509 ) } } U { y : ! 7 * 3 + 81 < 355 + 9 - 1 | 0 - 7 * 68 < 1 } U { x : 55 - 464 + 4 + 641 * 2545 + 5 * 974513 * 8302 = 50 - 46 - 6 | ( ( 267 + 3 - 41187 * 318055 + 9811 @ { x : 8 + 8 * 3 + 468759 - 7 - 23047 * 67 - 7812 + 930 - 519 + 8 < 3 * 44 | 4 * 6 * 2 - 0 * 8 @ { y : ( ! 26736 * 8 + 5 < 224 * 57 ) | 22598 < 1 & 6 - 7 * 8 @ { z : 3406 = 0 + 135117 - 6 } U { y : 286476 < 4 } U { y : 353 * 9 = 1 - 5 * 3 - 1 * 67942 * 9576 } & 7 + 9 * 838055 @ { y : 8 * 1 * 254 * 13399 - 1 * 3147 - 9 * 31 = 3 + 742513 * 2 * 4 * 7 } U { x : ! 8165 + 1 * 410 + 7 * 374812 * 43216 * 2 > 88088 - 64465 * 1702 * 4236 - 3331 * 9 * 35 - 5 | 2 < 3589 * 9 - 922245 - 0 - ( 38867 * 59 ) & ( 4 + 3629 - 55589 * 3 * 70914 + 712 > 4727 ) } | 8 * 0 * 9611 * 61178 - 9397 > ( 491 ) - 7710 * 75 * 606224 * 5 * 429280 & 29 * 293867 - 2 * 8 * 7 * 5 * 8 > 5 } U { y : 45 - 1 * 27 > 690 - 5 & ! 4 * 220 * 667185 + 9 * 7 < 8 + 2 - 0 & 314 @ { x : 8733 = 639924 * 31813 + 8 + 9 * 8 * 6505 * 6 - 8 - 675 } U { z : ! 346694 > 5 & 2 @ { x : ! 20978 * 6125 > 7 & 9 * 5275 + 4512 * 524 + 8 = 1 } & 750 * 6 > 2 + 657269 + y | 3438 < 1153 * 25781 * 8 - 75401 * 4 & 7 * 8 * 6 > 12429 + 60 } U { x : 105355 * 9 < 545408 + 74 * 451420 & 964 - 42 @ { x : ! 44 * 2 > 480904 + 378720 + 1 * 5387 * 9 } U { x : 9204 * 4325 * 4 * 23276 * 2 * 3 + 9 + 10 * 7 < 3390 * 9 } U { y : 6 - 4 + 9 - x * 6 * 9 > 504 & ( 8 * 45013 * 3885 - 0 * 4 = 1 ) } | 2 = 2 - 424 & 8 < 3660 * 4 + 7 * 1 - ( 749225 * 2 - 7 - 2387 ) * 107 - 58 } } | ! 9 < 39486 - 9 * 9996 & 30 - 6 = 795038 * 7 * 454 * 76 - 581596 | 1265 + 6045 = 7 * 1 * x * 1 * 92614 } ) & 5 * 36 @ { z : 339631 * 38244 + 2 * 5 * 0 > 63 } U { z : 4336 - 363 * 751831 * 5 * 80795 = 8 * 6 | 4060 * 50 * 1 * 3 > 7 + 1 + 9 * 3 * 69497 & 5 = 7558 & 2 = 718 + 4 * 7 + 3 } ) } U { z : 639 * 91252 * 773811 * 74655 < 0 + 956 & ! 1 @ { y : 295 - 6809 * 380600 @ { x : 8 + 0 * 2 @ { y : ! 375502 < 16898 + 94216 } U { x : 7 + 6101 * 1 @ { z : ( ( 3 - 47632 + 7 < 81040 * 856 + 2 - 6 * y ) ) & ( ! ( 5 * 9 + 1 ) + 462 > 1 & ! 540254 * 221 * 2 > 147 + 300 ) } & 2 = 63 } U { y : 7 > 5 - 2 - 44 } } U { z : 3 + 74 > 4 * 79771 * 6 + 0 - 745361 & 7629 + 71460 - 6952 = 5 + 645 * 88 * 5 | 37 * 99815 + 60251 * 21 > 126 - 9 - 484 + ( 5755 ) + 9 & ( 4 - 3 * 4 - 7 < 5 ) & 9 < 9 * 2 & 19225 - 9 * 5 + 441 * 19834 > 6528 + 5234 } & ( 29 * 95 * 72434 = 41 | 4 @ { y : 4 + 154 + 37243 * 8 * 43031 + 5 + 0 - 8 = 528 & 7 * 6 * 7 > y + 1030 & 46 * 8195 * 3136 < 8 * 57871 - 6 + 1933 * 632 * 0 - 3 + 7 + 68415 - 4 } & 97014 < 9335 ) | 77878 = ( 61 - 3 ) * 34409 * 15069 + 8 & 44 - 0 * 3022 + 9640 * 299 > 582794 } U { z : 1 * 392098 * 4 = 754 * 8 } U { x : 52424 * 8 - 2 > 8 - 9 + 9 * 1 * 2 * 449 - 0 } }
785532 + 904145 + 294546 * 1
{ x : 0 - 438 * 110 - 8217 > 29 + 3886 | 7 > 34 - 2170 } U { z : 558 - 1 > 1 - 9 * 8 * 3314 | 3 + 7 - 767792 > 12 & ! 2 > 3 * 3 - 7 * 0 * 983 + 905980 * 5 }
301980 * 44 * 0 + 80862 * 7
414462
{ y : 4979 = 5 & 4045 * 4 * 3 + 7 * 66951 * 9 * 427 - 419 * 3 > 1 & 929478 < 46058 } U { x : ! 72 * 72 - 32 - 7 * 29919 - 7 * 6291 * 7 = 1 + 0 | 13 - 2 @ { x : 130 + 49895 @ { y : 410 * 991333 + 678 * 4 = 3 * 3 * 188752 * 2 * 88807 * 0 & 5 * 7 + 47661 * 1 = 706264 + 8 * 0 & 409 - 6 + 64 @ { y : 7 < 63914 - 8 * 7377 - 53223 | 4 + 5 * 86 + 145197 = 6 - 7 } & 6531 + 0 < 437760 | 51099 - 3 > 3 * 1762 | ! 22 * x * 693 > 53083 & ! 7 < 9 * 8 - 4 } } | 6 * 275891 < 3 - 8216 * 7 }
110741
{ x : 2 = 9 * x * 1 } U { y : 8 < 30 * 4 - 5 * 9321 | 490 + 8 - 358839 - 6 * 545441 < 4 * 2398 * 7002 - 7 * 89 | 6 > 163 | 566 * 2 + 3 = 8586 | 65 - 2 * 70158 + 0 @ { z : 9 < 6 * 73405 - 3 * 433020 * 4 + 7 + 115837 | 5 + 315637 * 7 - 515 > 16 } U { z : 0 + 87709 * 539807 - 0 = 6692 * 9 } & 365203 = 165 - 33771 }
658
{ x : 1 + 3073 * 6 + 2173 - 601105 * 49464 - 2 * 5 - 1 = 1837 }
{ z : 3 * 8 = 3 }
{ z : 11 = 4 * 489255 | ( 4 - 2 * 17183 + 52102 > 4 * 3046 ) } U { y : 62571 * 630 * 650 * 93 + 9529 - 831 + 7 @ { z : 9912 > 4 * 8 & ! 2116 < 1 } U { z : ! 540537 * 61 * 1 * 52627 = 4 * 5385 * 8446 + 85375 * 951924 + 2 + 0 + 4 + 8 + 5 | ! 6 = 1941 } U { y : ! 3 * 1 * 4446 = 623 - 4366 + 4 - 640 * 2 } U { x : ! z * 6 = 74 * 3 - 436384 + 5 - 4 } & 713 * 8 * 18937 * 7866 @ { x : 9 > 2 | 8 * 11265 * 2 * x + 26 * 8 @ { x : 0 < 3 * 471 - ( ( ( 7 ) * 4077 ) ) + 3 - 901 | ! 224376 * 79 * 7 - 19886 + 0 * 4120 - 2 + 129 + 99 + 132065 - 3 * 927861 + 0 + 4 * 5 - 5 - 3 < 39231 | 2 < 3 - 7 + 4 * 114084 | 776498 < 251 & 1 + 943 * 2 - 2 + 970 * 845 > 3 & 9874 * 48 * 56358 = 2 * 724 - 5 - 2 + x * 908263 * 3374 - 593 + 8639 + 9 & ( 4 * 541884 * 2 * 269544 * 9 - 45438 * 2 + 3 + 94 @ { y : 6 - 599212 * 7 * 5 @ { z : 43625 = 8 - 3 } } & 83239 * 160416 + 856317 = 448727 ) | 8 - 2 * 345008 = 1 & ( 3 * 67602 < 22389 | 0 * 5646 * 6 < 6 & 5 - 4 - 98380 * 4 * 984 + 8 + 15 - 5479 < 0 | 173654 * 3 + 99 > 1 - 3648 - 3856 - 6 ) } } & 2 - 954 + 2 = 9 | 60 * z < 13 - 1 * 3 - 8 - 239 & y * 0 * 4 - 844516 * 974961 + 2 * 1 * 0 * 1 * 322 + 7 < 62 }
{ x : 35 > 7 * 3049 + 324863 & ( ! 5 - 8123 > 17 + 41 + 59 * 9 + 6 - 9 * 82043 + 69 ) }
35300 * 54 - 6413 * 91774
2190
{ z : ! 3 - 3287 * 358127 > 6 * 40 * 1 & ( ! 249353 * 7 < 0 - 2 * 9 - 2 * 3 * 3 ) } U { y : 160926 - 41235 > 907 * 2 & 58 * 162 + 1 + 840118 * 8 * 909164 @ { x : 5 > 8 * 71799 * 0 * 5 * 959893 } | 60 > 5 - 3 + 319 + 7 }
61 - 91 - 920 * 5 * 580594 * 368
{ x : 67260 > 0 * 36 } U { y : 4203 * x + 6 @ { x : ( 699623 + 236063 < 82 - 548608 * 7866 * 13 * 133 * z * 2263 ) & 946 + 6 + 4 - 9 * 7 * 7445 - 922 = 271 - 3 - 9 + 4 - 8 * 4897 - 176021 * 29154 - 4 * 14372 - 4 - 1362 - 3 + 35325 + 60662 & 77012 * 79 * 4 * 3 * 27 * 11 < 3 | 3 + 515 * 7002 * 908 * 3 @ { z : 7 + 23 @ { z : 2 = 188 + 7 * 56 * 3 * 4 * 5 - 133716 - 627 } U { y : 3296 + 6598 @ { y : 4 > 1071 - 438 | 7 = 5 * 8 - 42 * 77 * 81406 * 9538 * 0 - 4 * 311 * 2413 * 954115 - 0 } U { x : 5 + 91669 * 21 = 642 } } & 724 > 1 * 4952 - 79 - 2 + 394 - 6 - 69 * 3 * 9609 * 91 + 997 - 8 * 0 * 8 + 1 & 30781 - 6 @ { z : 8 * 766 < 8 } U { x : 165235 * 10820 > 90 * 426 } & 44299 > 61 * 7 * 0 + 253 - 1 * 4 & ! 23136 - 3 + 8580 - 40 * 55 - 1 = 3 - 89504 * 0 - 2 & 8 * 62817 = 5 * 711 * 13 } | ! 569097 * 3604 * 9434 @ { z : 5 + 8 * 0 * 79 = 686 } U { x : ! 88 * 9317 < 5 | 0 + 10620 * 8 + 752 < 86720 * 297 * 0 * 1381 * 6 - 6 - 3 } U { y : 87184 > 918968 } U { y : ! 8 - 0 * 26730 > 6 & 49344 + 1 * 44457 + 561 * 2 - 30 * 7 - 338843 * 6 * 6 - ( 312 + 5 - 21 - 4 ) * 5 = 4414 * 1 + 2 | ! 3 * 6129 * 83 - 55033 + 0 * 2 > 8 - 6 } } U { x : 9855 - 3 = 8 + 7772 - 320506 * 3 * 53257 * 1 - 127 & 8 * 673519 + 4 < 58991 * 4 * 4 | 758689 @ { x : 5 < 735023 } U { y : z * 74177 * 42600 - 0 > 4 | 14 * 0 * 944631 < 1 | 230621 * 39851 * 2 + 255 < 218 + 43 + 3 * 8991 } U { y : 744438 < 2 - 0 - 435002 * 822591 - 5 } U { y : 84626 > 0 * 91 + 3 & ! 2 * 1 < 8 * 81275 * 11305 * 76 & ! 98 > 15 - 9 | 497914 + 9708 < 6 * 829 } | 52 - 1 * 7 = 2 - 7581 - 8 + 54 - 132591 } & ! 2 * 471 = 30 * 9 } U { x : 408221 + 1 = 8 - 4 * 471089 }
{ z : ( 0 * 6240 * 1627 + 8 + 2 * 0 < 56174 * 136349 * 941738 | 8 = 917454 * 92017 - 3 & 2 * 3 - 1 * 412555 * 7 - 70 = 3441 * 3603 - 717 ) | 1 > 4 | 466961 - 57660 @ { y : 8278 - 106596 + 616 < 2 - 0 + 5 * 1 * ( 5 ) - 46296 | 3 + 286632 + 839674 < 7 | 0 + 56086 > 404380 * 68 - 9 & ( 5 + 2 * 42628 = 5327 - 9 - 651 | ! 22507 = ( 675176 * 7 ) + 1 + 4 ) } } U { x : 1 * 461550 = 0 } U { y : 7 + 241 > 3 }
{ y : 5 * 0 > 6 } U { z : 2 * 0 * 6 - 8 > 0 - 51 | 941953 - 0 - 2 = 7 * 1 - 0 }
{ x : 56 * 47 * 89080 * 522176 + 3601 * 2200 > 2086 | 9226 + 9524 + 582 * 10 = 0 * 464824 - 624 }
6
6
614 * 8 * 3
6
{ z : 67549 + 6 * 9 + 484758 @ { x : 2 < 769 * 871587 } U { z : 77718 * 549739 * 87082 + 20495 = 321663 * 6 - 4 + 59254 - 5 * 950295 } U { x : 87 = 740788 * 8 } U { y : 63583 > 31 * 672793 - 598028 - 8993 - 34 - 10 - 3 } U { y : 9 * 7 - 234 - 866761 - 4926 > 9 + 460802 * 2 * 464 + 240 - 213 * 3 | ! 2 < 2 + 4 * 52 * 838836 | 80 + 8 - 6 > 9 } } U { x : 9 + 8 * 0 = y * 2 } U { y : 482214 - 9 - 63511 > 59050 + 6 - 8 * 3 | 3 + 4 + 4 = 9 + 86663 * 6 } U { z : ! 920493 + 3719 * 460006 * 8 * 26229 * 0 * 6 = 344 * 93 - 14503 - 46944 - 8 - 247 + 5 * 4 + 97206 * 56481 * 2 * 651562 } U { z : 7 < 0 | 1 @ { z : ( 783828 * 0 * 3 - 2 - 2 < 7 ) } U { y : 4 * 2164 * 40438 = 69 } }
{ y : 0 = 68772 * 0 * 3 - 339 + 3633 + 6 * 3 - 170 & 1 < 8645 + 796206 * 6247 & 9 > 24320 }
{ x : 36978 + 25082 - 626555 * 8489 > 6 - 6877 * 48 * 62328 - 2 * 1 + 5 + 98 }
{ y : 4 * 509 * 81 - 9951 * 794418 * 3 < 7 & 5377 * 220235 * 9 > 956168 + 2 * 2921 + 1 * 0 } U { z : 2 + 217 = 59098 * 6340 & ( 5 * 19256 < 7 | 2 + 9366 * 6 - 2788 * 366586 * 811 + 5 - 5 - 15 + 485225 * 2 > 5574 + 9 ) | ! 188637 * 3743 * 8 + 331 * 87 @ { x : ! 456281 * 5061 * 71658 - 2 @ { x : ! 7614 * 50100 + 1 < 4 } & ! 82201 * 2 = 241574 + 94 * 8 & 407 * 3 @ { y : 7 * 887 = 1723 } | 2 * 3 = 66 * 8 * 3 * 3 * 60 - 0 * 2 } | 1342 * 120 - 761 * 5 < 3 | 38 + 711977 < 794 * 6 * x * 4 }
{ y : 5 + 0 = 2 * 5 & 8 < 5 }
6
{ x : 64 + 854567 = 80 * 3 * 0 + 1 * 1 * 868816 + 22995 + 5850 * 5 | 4 - 9 * 6 + 49026 * 3 < 1 } U { x : ! 532 > 3 + 8244 + 45402 * 47 * 2 * 49720 * 4 & ( 350233 * 65 * 0 + 5 > 941 - 886 ) & ( 38 * 9 > 4 ) } U { y : ! 59 < 4 | 750848 * 74793 @ { z : 0 * 882407 > 2 + 4 - 18191 & 440966 < 319834 * 7 - 3 * 4523 - 66020 } } U { z : 1 < 55 * 8522 & 0 - 2 - 8 * 30107 + 63 = 2753 * 7 * 4105 * 7 * 8 & ! 1 * 254826 - 47174 + 7 + 7 > 9487 * 193 | ! 23187 * 6 > 2 - 0 * 93128 - 5 * 708 | 8 * 5 * 4 * 5 < 8 } U { z : 2 - 944 > 3 | 2 * 46 + 0 * y = 5 * 9 * 3 * 2 }
345 + 4909 - 74079
{ y : 330584 > 9 } U { x : 42127 - 2 + 8 < 5 }
{ y : 755 + 8 < 4 * 6 } U { x : 6 + 470 @ { x : ! 2012 * 3718 < 0 | 5 + ( 62 + 1 + 4 * 8 ) - 80 * 577396 = 50 + 42746 + 6 | 5433 = 4554 & 0 > 9936 * 2 } U { z : 93 - 954 * 9 + 22 > 8 } U { x : 4 > 4 * 9 & 773269 * 5 @ { z : 4 - 49553 = 4 } & ! 5 * 63 - 264227 - 2 < 1 + 3 + 5 - 9 & ! 3 * 682339 + 592029 * 6 + 6 * 7 > 3385 * 91 - 230 * 2 } U { x : 6791 = 5 * 799406 * 9 } & 2 < 5488 & 7 > 65953 & 5 * 7 < 68 & ! 67 = 4 * 30 - 6046 * 1 + 5 * 9 - 0 * 783 * 237 | 6 + 464423 + 463 - ( 1877 * 8 * 4 + 6 - 1 * 7 * 8015 ) * 3650 = 9 + 39 * 48 * 38180 & 7 * 1 < 3 + 9 & 117 * 101 + 3 > 1 * 6168 * x & 3 + 563 = 7 - 9 * 8 - 894300 - 8 }
6402 + 7 - 4471 - 28
{ x : 9 + 5 + 858 * 6236 < 6 * 991317 - 0 + 1 * z + 2 * 645791 + 693091 + 5 & 8 * 65 @ { z : 3 > 5 & 62049 @ { z : 9 * 3 + 8343 * 4785 + 7 - 694076 * 8 = 7 + 1 * 30 } } U { y : ! 54284 + 4 * 89 - 3997 * 9149 * 10 * 1 + 3 - 272 * 720 * 0 - 4 * 53 @ { x : 6 + 410 > 1 - 28 * 100 * 9 + 797977 + 3838 + 23103 & 3 * 3 * 6 + 3 + 4 - 2 @ { x : 72701 + 1 @ { z : 8364 - 182502 > 3 * 8 - 54744 & ! 38 + 1 * 2 * 812846 * 353458 < 0 + 9 * 5 } U { x : 95 * 4 > 0 - 805927 * 1 | 9139 * 2 - 53593 < 759655 * 0 + 4 } U { x : 4 * 94 + 1 - 2083 - 2 * 0 * 17 * 2 * 8 = 22 * 29 + 77435 * 3 - 98083 * 3684 * 93751 } & 8 * 5 < 3 - 4 & ! 9 * 94887 = 56 * 67 } } U { x : ! 8 * 9 - 16 > 8 - 75897 * 3 & 6 - 1 + 68 + 4 - 6 - 0 * 4 * 942 + 2 = z + 8933 | 4 - 9 * 5 * 8317 - 91 - 38 * 0 * 6 - 86224 - 4 @ { z : 0 * 6 * 8 - 429 = 414368 * 6 & 92503 * 86 < 4 * 6 + 57216 - 872061 * 5 + 3715 * 959 } U { x : 3 + 4 - 5 = 2 & ( 8438 * 185370 * 75198 * 8 @ { y : 89091 - 5 * 6 - 4 * 2 > 509080 } ) & ( 4 * 0 + 479 < 74 * 4914 * 5 * 438764 - 1 ) | 2 @ { z : ! 67 * 1 + 11 * 64 < 681 } } | 676416 * 42269 - 977 = 0 | 7 - 3 - 614 - 3 < 4 * 5 } U { x : 1 < 2 & 701694 * 392 + 752 * 66228 * 5935 = 7 } U { y : 5 + 0 > 344561 * 5 } | 626629 > 7068 - 1 + 5 + 67876 | 7 * 45 * 88769 + 80285 * 6 + 416 * 470 < 68 * 20 + 5 * 0 + 8 * 824 } U { y : 234780 > 3 + 7093 + 64486 + 951 - 6 | ( ( 57 * 3 ) + 0 + 656 < 65652 | 2 + 4 = 69208 * 666 & 0 - 99045 * 4 @ { x : 32671 < 388350 } U { z : ! 735 + 86694 @ { y : 44 < 475 & ( 10 < 633104 + ( 9 ) + 3 * 9 - 99 & 4976 + 8298 @ { x : 5 = 0 * 4 - 4 * 21 * 699196 } | ( 5 * 1 * 844 * 0 - 4 * 1 = 45 * 1 | 0 > 7 ) ) & ! 410 - 4 = 0 - 7 * 6 - 2 + 603554 + 6 + 6 & 261 = 7 | 13 * 767664 - 166 * 3 - 8013 > 6925 - 1 & 9 = 7 | 22776 * 65 > ( 38 ) - 5 + 7 & 30765 - 4639 > 89 * 66 * 4 & 4 - 83032 > 462 * 4457 - 243 | 9 * 7507 * 8 > 6 + 8 | 4 - 0 - 1710 - 358611 * 802 + 8 * 515 * 8 - 5 * 1 < 36 } U { z : ! y * 312694 < 419 & 0 - 8 > 9 | 13548 + 7 = 7 } } U { y : 9 - 800 + 85317 - 8 * 1 = 3965 & 9648 + 7 - 7694 * 2 * 5 @ { z : 4 * 635 - 4 < 4 + 9606 * 65628 } U { x : ( 5 - 233918 < 58488 - 92367 * 91015 - 7112 * 7 * 99882 * 58 - 508 ) & ! 14680 - 224 @ { y : 2 * 5 > 3 + 881 } U { z : 14442 * 0 * 515 > 8 + 4 & 66372 = 7 } U { x : ( 1 @ { z : 3245 - 863984 = 6 * 15956 - 5 * 81021 * 1 + 2830 & 598 * 7 * 9 @ { z : 7413 * 21 > 3 * 7 } & 8 @ { y : ! 132167 = 91 } U { x : 3 + 5 * 8 = 6 - 8 - 15783 } } & 934 + 8 * 884 * 333046 + 216141 * 967 = 99965 * 7 ) | 5 - 4 + 7 = 7 * 1 - 6 & ! 8 + 3 > 6 + 7 * 3 + 9 - 3 * 1 - 9 - 497458 & 8 * 0 * 921 > 0 * 18425 + 8 } & 7785 = 9 - 10192 | 5 - 1 - 953 * 12 = 234 * 0 * 2 - 3 * 8928 & 33 + 2 * 99280 = 30 * 950 * 4 | ! 6786 + 5 * 727 * 57747 + 263815 + 39 * 8 < 4390 * 16 - 0 * 20 } U { y : ! 95604 + 69813 * 77 + 3944 * 6 + 750906 * 680672 * 3 < 3 - 9930 * 9 * 3 - 5894 | ( 4 * 2 - 4050 - 83582 * 9 > 85 ) } U { z : ( 0 * 1 ) + 1 < 87 * 4 | 62420 + ( 8 * 4 ) = 8 | 15379 = 335939 & 1 * 0 * 456521 = 47586 * 56 * 5053 * 6 + 9 - 4 * 512443 * 1 + 98 * 5 * 8 } U { z : 5 * 12 * 646626 * 115999 > 296129 * 30 - 867 * 5 * 2 * 1 + 7 - 9 } | 9 * 43535 * 3 > 8 * 8777 * 90720 & 884990 - 3 * 389104 + 281992 * 599 + 4 @ { z : 1 + 78518 > 87 } U { z : 39193 * 6 > 5 | ( 2980 * 455170 * 9 = 5 + 197 - 713743 * 58 + 721046 ) & 6 - 0 + 57075 * 4220 - 2 * 6 = 7 } } & ( 74875 + 34028 - 8 * 0 ) = 3 + 464584 - 18 * 9 * 6 + 7 ) & 4 = 4 * 2014 - 8 | 75 * 1400 - 4362 - 5 * 1 < 77413 + 9 & ( ! 11429 + 194 = 5 ) & 1597 - 5 + 0 * 3964 - 4 * 52 * 4168 * 716 - 9 > z + 1 * 97523 - 1 * 749 | 5069 = 3 + 115148 & 8 * 3 > 54529 - 3 * 4 + 252 - 9379 | 5 * 0 * 9 < ( 6 - 4 + 384627 * 4 ) + 995744 * 4 - 6 * 7 & 9 = 9 - 781 * 1 } & 5 > 9 * 31973 & ( 81 < 7 - 2 | 4646 * 25 < 1 | ( 0 < 5 - 4 ) ) } U { y : 3 - 2726 > 9 } U { x : 3 > 33 + 5 + 4 | 787786 @ { x : ! 49278 @ { y : 193 * 467301 - 5 > 0 } U { y : 1 * 4 * 7 + 1 - 4 = 71030 * 0 & 4 * 3 * 361 + 5 @ { z : 67 - 902306 * 6 < 9 + 5 * 2 + 2672 + 3 + 361680 } U { z : 0 * 3 + 5 < ( 8 ) * 77 * 89 - 6 * 0 * 7595 | 6 * 9 < 1 * 787 - 1586 * 46 * 5 * 3 * 170 * 9 - 6 } & 174 * 5 < 3 - 44 } U { z : 10736 + 224 * 4 > ( 60541 + 4921 + 28 - 1 ) * 83773 & 9 < 1484 } U { z : 5 > 8285 - 8 & 935386 - 8778 * 5 * 1 - 4 < 0 * 9 | 91 = 0 * 0 * 71467 | 213 < 2 | 0 > 1 * 2 * 115993 & 6 * 0 = 7 } | 1 @ { y : 4937 = 78196 & ! 5 * 1 * 9 < 2 | 7 * 37894 * 8 - 0 - 12 > 95317 & 88 * 2 + 3 @ { y : 375515 * 9 < 4 + 78 + 0 + 12 * 9213 | 6631 * 2 * 232 + 8 * 9 * 683152 > 644 } | ( 3 * 6 - 740338 * 8 - 1 * 9 * 0 * 467100 - 28 * y + 1 > 43662 * 2 ) } U { z : 1 * 5 > 8 } & ! 5 - 9 * 3 - 18234 * 3 > ( 623 + 1608 * 5 - 7 ) | 8 + 564 < 88 & ! 7 + 75 - 4 * 67680 @ { z : 466 < 9 } U { z : ( 757 - 9777 * 44849 * 122 * 9 - 76 * 41 * 20 - 8397 * 6 * 1008 + 983 * 99845 - 2531 * 64884 - 9 > 6 - 5184 + 7 * 3 - 978 * 2 - 7 * 0 - 71392 ) & 4 @ { y : ! 27918 * 3 - 21565 @ { x : 3 > 954 + 1 - 9 + 3 + 9 & 5 * 150399 = 47 + 954 * 80 * 892256 - 591 | 3181 > 7 * 420 * 6 * 39235 } & 5 + 886135 < 0 } U { z : 803 * 11370 + 0 * 2 * 6 + 7475 < 9093 * 1 - 6 - 7946 & 4307 + 0 + 5 > 9 * 4 & 1 > 0 & 27 + 68 * 1 @ { y : 8704 > 3061 } U { y : 4 + 22876 * 544 > 195 + 6 - 8 - 957 + 5 * 876 * 9 * ( 0 + 64 ) } } } } U { x : 8 = 3613 } U { z : 126 + 0 - 958 = 13829 } U { z : 18265 @ { z : 1 * 5727 > 0 * 8673 | 346891 * 33 > 3 * 5 } U { x : 2 * 6 = 31 + 282 - 5643 - 3160 * 9 * 1 + 6 * 95004 } U { y : 205280 + 2737 = 0 + 8 - 3777 + 5 - 7818 + 57 * 728 & ! 321008 + 709427 * 14 = 81650 - 491154 + 2 * 8158 + 8 + 2 & 7207 - 31 * 688 * 864508 + 46841 - 14 * 3 + 18697 * 1 + 15670 < 1 & ( ! 843 + 1 * 195 * 1 = 1 * 2 | 0 = 6 * 6 | 8537 < 4656 ) } } U { z : 3 * 4506 + 9 * 1 - 2 * 567 * 6946 * 5 - 3 + 96 > 760069 * 80004 & ! 56127 - 5 - 10 > 6 - 9 } & 46898 > 8 * 9414 * 28393 * 331 - 2833 | 4 * 409 - 3232 + 2 * 5 * 24125 + 167 * 9 + 7740 + 0 * 67 + 84 * 6 = 8 * 52489 & 7 * 901 = 1895 + 63611 * 504 }
{ x : 549 * 2 * 288677 * 596431 + 139330 * 4434 + 257 - 11477 * 8 = 7203 | 4 * 5 < 252 } U { z : 9 < 70 * 67398 - 951 - 5353 + 3 * 89513 * 0 * 0 - 949823 - 724163 } U { y : ( 47710 * 375 * 7 = 2 - 2 * 48 - 1 - 362 ) & 1 < 8540 * 128549 + 79 * 957 - 919877 | 621 - 6 + 8 - 1 + 90052 + 7 + 6 * 557 + 80204 - 817 + 646174 * 783 - 4 * 54 + 80115 * 5 * 8 - 348514 * 11 * 4 * 53 @ { y : ! 8519 * 2 * 2 + 53 * 1586 - 63 @ { y : ! 316 * 0 * 9 + 5250 < 3 * 5 & 5 < 211442 * 9588 & 6 + 75 * 1 = 4 + 731721 + 101 * 28683 } U { z : 1 - 1946 + 1 * 831 > 3 + 513233 | 5 - 6 * 8 + 902 + 4 * 7539 + 4 * 7 < 51605 * 61 - 6 + 185076 * 329 - 93056 * 273 * 0 } & 6 @ { y : 6 + 72 * 32 + 69329 * 15 * 80 * 328007 > 4 * 3 - 91296 + 64309 * 93 } U { x : 27331 < 5 * 8 | ! 60205 < 1 + 6 * 5 + 3571 * 5965 - 75522 * 20499 + 5090 * 5 + 5 - 94129 & ! 62866 > 31223 - 2 * 4 } | ( 1 > 2724 + 790 | ! 1 > 22 * 18041 * 42464 ) } U { z : y - 946 * 9 - 7 - 834547 > 4 * 8823 + 7 * 6 - 41 + 5935 + 3 } U { x : 91232 * 6 * 4 - 4 < 14 - 1 + 3 * 642120 & 3012 * 9 * 910012 - 42750 * 97 = 503158 * 903750 } } U { z : 2 - 1 = 6912 * 6 } U { y : 9 * 8 * 0 > 93410 * 249 | 374 * 65064 * 7 + 9 = 6926 } U { x : ( ! 3 + 33 - 2 * 8812 + 8 * 1 * 464 - 4 * 9 * 45699 - 83 < 177140 + 7 & 6 < 306 - 85315 ) & ( 97 = 0 & 338906 * 8278 + 1 - 7 - 425961 * 5 * 90144 - 7 - 497574 = 41651 * 8 - 283028 * 3952 + 493 * 93 - 1 + 491335 - 12 + 693 ) & 6 = 385890 } U { z : 9 - 6 < 74 & ! 1728 + 1 < 6389 } U { x : ( 373 > 5 + 134 & 1 - 1195 > 2759 + 71242 ) }
3
7 - 5 + 714726
7 + 148586
8206 * 32 - 34887 * 3
{ x : 8170 = 63 * 1 } U { z : ! 65812 * 4 - 75817 - 7881 + 63 * 21028 - 553925 < 6 * 8 } U { y : 8 = 2 - 79387 - 19458 - 3 } U { z : 983437 * 440380 * 1 - 3 * 4 + 9613 * 7 - 820 * 9 * 240465 * 880 * 5 = 8 * 22 * 2 * y & 440 * 8 = 9 + 4 * 11579 + 834008 * 1 * 1 - 7 - 7 + 99 & 1 * 5 * 68 - 3 = 54 * 305 * 356 * 4 * 66402 * 76 - 309416 * 111598 * 838237 }
1
{ y : 8 = 617 * 5 & 4 + 4 * 995 * 95849 < 3 + 1 * 8 * 4 * 70 - 730753 * 3 - 86 - 50 | 6 < 203 + 7 | 730043 + 1 * 2 + 55009 * 6791 - 518240 > 0 | 4 < 2 }
1874 - 3
61804 - 2 * 3 + 12 * 9 * ( 0 - 72 + y - 3726 * 9 * 2 + 2 - 54 )
9 - 3 * 6 * 69
9 + 1159 - 630985 - 2
{ y : 151 > 2 | 4 @ { z : 73 = 292 + 96157 + 34285 + 8 - 428 } U { y : ! 22161 * z * 14 > 3 * 5 - 9982 + 9 + 18215 } U { z : 42 + 96196 * 8 * 0 @ { z : ! 4427 + 60940 + 7 * 8 * 5 > 576 * 339835 * 6 } } U { z : 61316 = 8123 } U { y : 6 * 94141 * 1 + 2 * 95 = 5099 + 0 | 68653 @ { z : 3 + 2 + 2 > 47 | 89824 @ { x : 59503 - 903 < 305 - 99 * 84 * 948841 + 7 * y - 3 * 822 * 246766 } U { z : ( 9 + 9005 < 461992 * 15 * 2 + 33 * 6441 & 1103 * 876 @ { x : 0 - 542543 + 5 < 3087 - 9 } ) } & ( ( 2 * 7 * 663357 - 8487 > 4323 + 23562 * 4 * 8 - y * 1102 * 635960 & 6 * 2 + 7 > 30436 - z & 62 + 6044 > 211103 * 82 * 5 - 4 * 563 ) & 8 + 8 > 8 * 5 - 476 + 0 - 88031 ) } U { y : 9477 = 34 | ! 473366 < 0 + 1 * 6 & 914 * 5 * 18033 + 591 + 28 < 1 } U { z : 398 + 6 < 63689 & ( 79106 < 34 ) | 4 @ { y : 3 * 57105 - 352 * 5 = 865263 - 0 + 6 } U { y : y * 646 * 359 + 8 - 59941 * 49437 + 294229 * 49864 < 6 } U { x : 0 = 512268 & ! 4 + 0 * 552738 + 936 = 8 } } U { x : 3 = 46 * 0 * 5 } & 9 + 64 - 69 = 324 - 6 | 7 + 72913 + 7535 = 7 - 76 + 8 & 9 * 2 + 7 * 6 + 388 + 694346 * 827298 + 6 + 673500 + 4 * 8 - 80 = 3 * 11000 - 2 + 734 - ( 40123 ) + 5882 * 44 - 6 - 4 + 244 + 9 } & 7 * 65 > ( 1 + 6 * 7099 ) & 0 + 7 - 4 * 0 - 29337 * 9464 * 5 * 2 + 5 * 5 - 8113 * 3 = 4465 * 9057 - 75127 & 8 > 1 + 465 }
549284 - x
{ z : 944562 + 920664 @ { z : 59685 * 1 * 7 + 4 > 9 * 15 * 2392 * 536585 * 3 * 15 * 853 } U { y : 4 + 707 + ( 9 - 9 - 7 ) * 6107 * 7 * 3240 - 906 > 90 * 442 + 3 & 578 > 2 } | 564 < 3 & ( 0 - 2650 @ { x : 3 * 44 - 3 * 186 > 2 } | 622884 < 5 * 5358 * 19700 + 3 ) | ! 739782 - 6 = ( 5 * 7 ) * 6 & 8 > 961 * 2 & 7 + 0 - 2 * 3 < 95889 * 7 + 70 * 76 - 8 - 45 & ( ( 55 - 0 * 23 < 794 * 558 * 1 + 4648 - 32 + 7 & 583 > 5218 * 2 - 4 * 4 + 0 & 5 < 9 * 5 & 9 - 9 * 42 - 9 - 5 * 40195 * 9 * 0 + 3 * 143675 > 2 * 5 ) ) } U { z : ( ! 31 < 2 * 771973 ) & 8 + 4 = 50 * 0 * 9 - 5600 * 9446 - 486 + 9 * 762 }
65 * ( 916 ) + 2
6
4 * 3 - 470083 + 4
{ y : 314900 - 5075 * 2 + 1616 + 604197 * 57714 > 50 & ( ( 0 + 626409 * 7 ) = 4 | 3 + 8 + 182 + 9511 @ { z : ! 52 + 1 @ { x : 80757 > 44791 + 2 * 927139 - 3 - 8 } U { z : 5 < 7 & 4 * 10 - 43081 + 37647 * 9813 > 6793 } | 5 * 59 > 778657 * 1 - 6 & ( 2075 + 13342 + 5 + 3782 + 126 = 874 * 0 - 406 * 218 + 1 | ! 93131 * 5 + 1 * 9442 + 389 * 6 = 6 * 4 & ! 8 + 2385 @ { z : ! 0 - 2 = 8 & 119 < 76 + 6 + 97 + 9 * 32 * 608571 + 8 - 2 + 0 } | ( 5 > 490 * 643 * 505832 * 4 + 4 * 4 & 8 + 1 - 5 = 1 - 3 ) ) & 7 + 670388 * 7 + 88051 @ { y : 5 @ { y : 3 + 0 * 8 + 5 + 67 * 0 * 12243 - 11 - 7552 + 1 + 1 > 4 * 8212 - 4 - 7 * 7 - 5 } U { y : 555113 * 12 = 647 * 8237 & ! 2 - 48 - 520 + 74131 * 4 @ { z : 9 + 5813 + 55397 * 9 - 772 > 7 & ! 6049 * 42327 * 3490 > 808 - 3 * 3 * 0 & 2 @ { x : 1423 > 6 } U { z : ! 144 * 0 < 7 & 3 < 57 * 9 } U { z : 5 > 628 } | ! 206 - 0 > 8 } } U { z : 7 + 1 * 301 > 1 } U { x : ! 42688 * 465 @ { z : ! 57207 * 1 * 57647 * 24 + 11982 * 0 * 6 + 561656 + 74 + 3 + 8574 + 6 = 7 + 9 } } } & 309510 = 792367 * 441277 } U { y : 3 + 0 > 4 - 53418 & 2 * 4 + 8105 - 4 - 9 - 45 + 9 = 587289 } | ! 57091 + 7316 - 45914 * 0 * 6 = 3 * 3909 & 3 = 7 * 21336 + 497 ) | 0 - 75 = 4 * 55 & 2 < 7 } U { x : 0 > 7 } U { x : 3288 > ( 0 * 2 + 89655 ) } U { y : 783656 * 93 + 1 * 862 * y = 1089 - 53 - 68 }
{ y : 782368 < 5462 & 88344 + 2 - 5 + 3403 + 7 * 4 = z + 938627 - 135101 - 1 } U { x : 8 > 5 * 8521 * 3 * 2 * 5 & 5 - 87 * 0 * 1 > ( 586 - 5 ) * 1282 + 26 * 118136 * 7 * 2726 * 85 & 134 + 35 + 551003 - 8 < 2 }
3 - 0 * 43 - 4 * 4
{ x : 3 = 2 | ! 2 * 2 + 8 + 9 - 6 + 2 = 5 } U { z : 8 * 2 + 6 - 59 * 9 * 4 + 8 - 0 > 9 & ! 7 + 625475 + 9 * 9 - 0 - 9560 @ { x : 0 = 8 | ! 4 - 1 + 46 = 5137 | 764 * 6 > 6 * 3347 - 15860 * 0 - 31 * 70 - 358615 & 213 > 7 } U { x : 5 > 1 * 83805 & ! 99685 + 3172 * 7 * 6 * 4256 + 3 * 7 - 6 - 785 + 7 * 30607 * 6 - 4899 = 457 + 619 & 483975 * 5 + 3 @ { y : 8136 - 9 * 8 @ { y : 11 - 3 * 2 + 6 * 996058 + 8 - 2 > 30428 } } & 7 < 0 } U { z : ! 3 * 14732 * 12764 - 1 - 843 + 987533 * 3 < 15781 - 0 | 5 * 4 * 5 * 50 = 8715 | ! 2 + 3 < 814584 + 91280 * 9 } U { z : 0 < 180 - 5 * 31 * 4455 * 6 & 4 < 3689 * 48186 + 169094 } U { x : ( 60361 + 4396 * 1 * 8 - 106 - 1 + 9 - 382 * 499579 * 9 * 9 * 433356 > 3 + 82545 & ( 9 - 0 - 0 * 906355 * 3 * 0 + 7 + 73938 - 4243 - 2 @ { z : ( 7 ) = 1 } U { z : 39099 * 87 - 7195 > 204 * 70034 * 0 } ) & ( 21 * 0 = 756 - 16269 + 5 ) ) | 58 - 3984 + 823 - 37463 > 4 } } U { x : 62 + 6 = 808 - 3 + 456 + 33462 * 8 * 6 + 227484 - 7 } U { z : 71032 < z + 2 * 7 & 25 + 522201 + 3 * 3 - 3 < 219483 - 399 - 84 + 1 * 9 - 42 | 4 < 4 } U { x : 3 @ { y : 87027 - 9 - 8 * 5265 < 833 + 131235 - 6471 } & 2 * 8 * 2 < 19529 | 23981 + 43121 * 7 * 200 > 75 } U { z : ! 75 > 828140 * 8 - 13354 | ! 8 > 5 } U { z : 14 - 65369 * 5 = 262499 * 109563 }
497
7353
{ z : 7 + 58 - 118 * 3 = 4 | 28 * 372 * 5169 - 1297 * 0 * 78 + 4 - 375663 * 68246 > 63313 * 8 & 3 * 4701 * 863 + 7 < 78500 * 389063 * 5 + 9 }
{ z : 10 * 2 > 7 - 7 | 45203 * 51537 - 54 = 0 + 37 - 474791 * 4 | 1556 * 27 * 5808 + 3518 + 1 * 0 < 59 - 572 * 2 } U { x : 60432 * 300029 > 12207 - 7398 } U { z : ( 64713 * 36517 * 155 * 96 * 7 * 6597 + 80 + 453 * 1 * 2137 ) * 981848 = 40135 - 0 - 835 * 4 - 9 + 1 }
{ y : 797939 - 4 - 292033 * 9 - 9 - 31030 * 900894 < 5877 + 5 * 1 * 46987 & 793 > 4 } U { z : ! 464741 + 826 - 0 * 7908 < 72 }
4763
5 + 5 * 3 + 850286 * 6 * 3 * 51 - 387 + 961
28453 - 8
{ z : ( 215 * 3 * 473 < 2 * 4 * 8 ) & 9 = 95 & 1 + 5 + 8721 - 6 + 1 < 107767 & 466 - 4 * 8 * 13 < 0 - 15 }
2
6 * 4781 * 8840 - 572 * 8
466 - 9
522197 - 727
72637 - 37
{ y : 94482 > 23 } U { y : 5 < 76 + 473 | ! 143 @ { x : 904455 = 42 - 0 | ( 6375 > 13 * 8 * 275885 * 3 * 1 ) & ( ! 686338 + 182635 @ { y : 9 * 8499 < 4 * 958 - 6 - 45807 * 129198 * 77964 - 9 * 4 | 91 - 5 - 9 + 9 < 0 - 6 - 25385 * 0 + 48 * 2390 * 7 * 6 + 4 * 2 - 292405 - 0 & 9 > 222299 - 658443 - 9723 - 9723 - 10 * 0 + 5 - 3 + 9 * 37741 * 1 } U { z : ( 820071 ) < 40 * 1 + 835 - y & 77 + 5 > 9 } ) } U { x : 0 * 6 + 8487 < 92148 + 5150 - 3 * 2 } }
{ x : ! 0 * 914 > 5 + 7 + 8 | 3 = 939869 } U { y : 5 < z & 4 * 5 * 8 - 8 > 15 - 95383 & 5619 + 5 * 801257 * 33050 * 175 < 97228 * 553484 - 6 * 7 * 7282 * 4 * 5560 * 828796 + 540727 * 3 - 91 + 56903 - 1 * 26 * 589669 + 4 + 1 | 1 * 5922 = 525 * 8778 + 8 }
{ x : 93561 + 3 < 1 + 2 } U { x : 8 + 9 - 5 > 4 + 929220 - 7 * 8 } U { x : 5122 * 3 * 0 > 52 * 813 } U { y : 21 * 9 = 763291 * 1631 }
{ x : 2 < 3 * 2 }
93 + 6
{ x : 5 - 39463 + 2 * 2 * 702329 - 9 - 294519 + 3 * 0 + 379 - 55477 = 98993 * 375 }
{ y : 55061 @ { y : ! 780823 * 1 < 230 & 57706 < 106 * 8 } & 9 - 6 * 4 * 281477 * 9 - 3 - 6 > 6 * 0 * 8 - 78732 - 9 * 218 * 594 * 3 }
647 * 9
{ z : 39 = 4 * 8 }
8210
{ x : 8 * 6 * 4229 * 0 + 287 - 1 - 6853 = 677213 - 6 - 561 + 834239 - 2627 - 454 } U { z : 6738 * 151 > 7 } U { z : 334 + 7 - 0 + 1 + 61767 * 8017 - 6 + 1 > 3 - 84 & 6 * 32 > 33 }
{ y : 9 * 300366 * 48 < 6 * 9 - 6 - 152 } U { y : 3 * 0 * 80822 - 0 * 12 < 75 & ( 74 = 4 * 5 * 46855 * 0 * 9928 * 23 * 459 * 2 * 912 * 4 * 7 * 799456 - 0 - 0 - 693367 - 222218 * 3 * 54730 * 48 + 205449 + 7925 - 9 | 86 > 5 & 5113 * 1 + 0 - 9 * 0 * 3 * 55 < 9 | 104 + 430216 * 5737 @ { z : 8 - 2 - 14 = 814556 | 40728 < 2 | 56 = 5444 * 7 * 161 * 764131 & 0 - 8 = 66 } & ! 20821 + 6868 * 7 * 272 + y - 79904 * 1204 - 3 = 0 & x = 96700 + 612749 - 2 + 0 + 8 - 90 * 745133 * 4479 * 3 & 7 - 11 - 360 * 2 - 531179 > 8 + 614 ) } U { z : 1 - 43377 < 246566 - 1 * 44 * 5595 + 4 + 6 - 107 - 72681 | ! 130 @ { z : 631994 > 5239 | 5167 + 4 * 638512 * 520396 * 7 < 0 } U { x : 3 * 5 @ { z : ( 3 * 572109 ) * 85 + 3118 @ { z : 233 * 0 @ { z : 205 @ { y : 6 * 6 - 4 * 3 > 9 + 294 - 8 } U { y : ! 275562 = 89124 - 779 + 4 * 2 | 4 > 287 - 6 * 4 - 8957 - 716 * 6 } | 3 > 184562 | 2842 + 7 > 95 * 641936 - 90 + ( 376712 - 3 * 4 ) + 1 + 5 * z * 197503 - 1266 } } U { y : ( 9729 > 1 * x * 64646 ) } U { y : 8 * 8 - 1 * 8 * 56438 - 5 * 7 + 9048 * 629 + 4 > 5 * 674952 } U { x : 8 > 642115 + 92061 & 0 * 40776 - 4 * 60 = 6 * 6 - 8 * 511 - 0 * 865 + 87328 } & 7 + 7 * 706451 > 8 * 939467 - 0 * 300 + 2 - 7 * 5 | ( 855 * 2 * 177107 - 3 * 90 * 958619 * 226 - 4477 * 789733 ) > 39 } | ! 4 = 6 + 25415 * 1875 * 3 } & 9 + 9507 = 1 - 8279 * 347966 & 4 * 981 * 8281 * 8 < 4 * 9 + 55 }
8 * 7
{ x : 71759 * 4 * 9 * 194804 < 0 & ! 86 - 774110 * 85 + 1 * 3 > 5173 | 3216 * 6532 - 375463 = 2705 }
{ y : 1 < 8 | 32879 + 1 @ { z : 4 < 8 * 959 - 3 * 3030 * 0 + 382 } U { y : 5513 - 6 - 17 = 5 * 271 - 416628 + 12 + 1 | 4894 * 4 * 4364 @ { y : 2 + 71847 - 6276 * 2749 - 56 = ( 1 ) & 9220 * 2 * 38672 < 0 } | ( 5 @ { x : 18 * 7238 > 878363 - 7 | ! 917074 + 3 * 5 @ { y : 6 + 46 > 4 * 6 * 4 - 926 - 9 * 0 * 37023 - 2 | ( 39577 * 231 * 7401 - 3 * 21 * 13049 @ { z : 9482 + 55744 - 5 = 6 - 165 + 6 } & ! 13 > 3622 | 395409 > 7 + 3197 & ! 0 + 826 + 4 * 61434 - 3633 + 63531 + 0 * 8 * 3 + 4681 - 36760 * 1 @ { z : 7 = 846 - 68 + 9 * 11761 * 9 } U { x : 17608 > 5 - 451 - 7 } U { z : ! 6 - 95 + 32 + 5015 < 7 * 7 | 50 * 8987 = 4 - 8764 } U { x : 74925 - 123 * 5 > 0 } ) } U { z : 0 - 214 > 9 + 4 } & 42 < 81 & 4 * 5 * 2 < 2 * 7 * 6 & 72999 * 3 - 2 * 3923 < 0 - 4 - 1 + 3 } U { y : 1575 + 4 + 9 < 0 & 75 + 999 > 2 & ! 8 * 302 < 5 | 8001 - 8 > 1032 * 4660 } & 24000 - 6490 * 6040 * 9 = 2 * 5 + 755738 * 5 * 3 * 6 + 0 * 23406 & ( ! 850 > 839 ) & 71 - 2541 > 8969 * 91 * 0 + 5 * 84 * 1 - 2 & 65255 - 196705 + 59847 * 797701 < 8 - 4 | ! 6 * 4 < 80413 * 4425 * 869329 * 56902 * 6 - 3 ) & 3 + 8 * 8 * 81806 + 33 * 149399 - 3 - 4 * 0 - 9 * 2 > 1 * 312 | 2 * 43795 * 9 @ { z : ! 3 > 4 } } & 47 + 6 > z * 747037 & ( 89 * 95 * 9956 + 5 * 398140 - 8 - 21503 * 8 > 2 + 8 + 62165 * 4 + 6 + 8 - 3 & 481714 + 40503 * 7 - 233386 < 8 ) | 683194 + 4 * 1 * 9765 + 9799 - 53 + 10 * 6 < x + 6 + 8 & ( 1 + 0 @ { y : 1 @ { x : 97 - 1 * 881 < 4 * 1 * 1 & 0 - 5 > 3289 * 9 | 5 + 3 + 6 * 2636 = 51278 * 2559 } U { y : 37 * 324440 - 2 * 936 - 8 + 16766 @ { z : 3 * x + 19 - 16 > 4 - 1909 * 992 * 53 + 53531 - 659 | 2 @ { y : 35651 * 725 < 4 } | 425 + 5 * 45050 + 7 * 4 + 8 + 58455 * 7 * 170 - 80 + 3 < 1880 * 63 * 6 & 7835 < 0 - 9 | ! 64834 * 8 * 2 * 90659 * 9 * 6 @ { z : 2 * 35 - 1 * 6 - 8 = 3 * 3 - 851442 & 20187 * 2088 * 6 + 2 + 9 * ( 8 * 9 - 9 + 11 * 2 * 4 - 5 * 944 + 41739 * 1 * 10469 * 807 * 0 * 0 ) * 734 * 7920 < 3 * 8 + 62 * 5 & 84277 + 3 * 3 - 7 * 9 = 0 - 9594 | ! 57791 + 51 = 2 } U { z : 83 + 8 - 7 < 790214 - 59 - 2 - 1502 } U { z : 239482 * 9 * 680 = 329642 * 53 - 2 - 969 * 1 + 328 } } | 4 + 8 * 8 > 46 + 12691 } U { z : 7 < 1 + 7305 * 7 * 9852 - 8 - 33 + 574623 * 9 } U { x : ! 3 + 89 @ { z : 266 < 35628 + 345 * 3 * 5 * 4 } & 3146 * 3877 - 7 * 4 = 7 } | 61 - 73 - 2 * 9868 * 16497 * 9 > 78 + 0 - 92645 + 0 } ) }
0 + 42
275 * 901 * 3 - 10599 * 77237 + 69657
{ y : 859 > 1 } U { z : ! 27379 * 5755 - 0 * 3179 * 9354 > 8 & ! 70083 + 4 * 1 - 3 * 9 * 4235 + 4 + 5426 - 28180 > 2 * 824 }
310070 - 70 - 9 + 2 * 8148 * 4 - 13 * 11004 - 573
778
8966 - 312659 - 619
1 * 4
7
