---
source: src/generator.rs
expression: "gen.generate(\"S\", &mut seeded_rng)"
---
1 + 3 + 2 + 2 + 3 
 true & false & true & true & false 
 false 
 1 
 2 
 1 
 true 
 true 
 2 
 false 
 2 
 2
