---
source: src/generator.rs
expression: out
---
decl n 
 decl n 
 decl x 
 decl x 
 show n
